V3 4
FL /home/ise/dmd_control/APPSFPGA_MEM/src/rtl/appsfpga_dmd_types_pkg.vhd 2022/05/02.18:10:55 P.20131013
PH ddc4100/APPSFPGA_DMD_TYPES_PKG 1652403667 \
      FL /home/ise/dmd_control/APPSFPGA_MEM/src/rtl/appsfpga_dmd_types_pkg.vhd \
      PB ieee/std_logic_1164 1381692176
PB ddc4100/APPSFPGA_DMD_TYPES_PKG 1652403668 \
      FL /home/ise/dmd_control/APPSFPGA_MEM/src/rtl/appsfpga_dmd_types_pkg.vhd \
      PH ddc4100/APPSFPGA_DMD_TYPES_PKG 1652403667
FL /home/ise/ise_proj/dmd-project/APPSFPGA_MEM/src/rtl/appsfpga_dmd_types_pkg.vhd 2022/03/09.19:46:06 P.20131013
