EN dmd_trigger_control NULL /home/ise/dmd_control/APPSFPGA_MEM/src/rtl/DMD_trigger_control.vhdl sub00/vhpl54 1652403674
AR ddr2_phy_write syn /home/ise/dmd_control/APPSFPGA_MEM/ipcore_dir/mig_top/user_design/rtl/ddr2_phy_write.vhd sub00/vhpl15 1652403646
EN appsfpga_io NULL /home/ise/dmd_control/APPSFPGA_MEM/src/rtl/appsfpga_io_e.vhd sub00/vhpl75 1652403696
EN pgen NULL /home/ise/dmd_control/APPSFPGA_MEM/src/rtl/pgen_e.vhd sub00/vhpl52 1652403682
EN ddr2_idelay_ctrl NULL /home/ise/dmd_control/APPSFPGA_MEM/ipcore_dir/mig_top/user_design/rtl/ddr2_idelay_ctrl.vhd sub00/vhpl41 1652403685
EN d4100_registers NULL /home/ise/dmd_control/APPSFPGA_MEM/src/rtl/D4100_registers.vhd sub00/vhpl60 1652403680
AR fifo fifo_a /home/ise/dmd_control/APPSFPGA_MEM/ipcore_dir/fifo.vhd sub00/vhpl33 1652403662
EN appscore NULL /home/ise/dmd_control/APPSFPGA_MEM/src/rtl/appscore.vhd sub00/vhpl62 1652403712
AR ddr2_usr_rd syn /home/ise/dmd_control/APPSFPGA_MEM/ipcore_dir/mig_top/user_design/rtl/ddr2_usr_rd.vhd sub00/vhpl09 1652403640
AR ddr2_phy_dq_iob syn /home/ise/dmd_control/APPSFPGA_MEM/ipcore_dir/mig_top/user_design/rtl/ddr2_phy_dq_iob.vhd sub00/vhpl07 1652403638
AR d4100_registers behavioral /home/ise/dmd_control/APPSFPGA_MEM/src/rtl/D4100_registers.vhd sub00/vhpl61 1652403681
EN ddr2_usr_top NULL /home/ise/dmd_control/APPSFPGA_MEM/ipcore_dir/mig_top/user_design/rtl/ddr2_usr_top.vhd sub00/vhpl24 1652403655
AR ddr2_idelay_ctrl syn /home/ise/dmd_control/APPSFPGA_MEM/ipcore_dir/mig_top/user_design/rtl/ddr2_idelay_ctrl.vhd sub00/vhpl42 1652403686
EN mig_top NULL /home/ise/dmd_control/APPSFPGA_MEM/ipcore_dir/mig_top/user_design/rtl/mig_top.vhd sub00/vhpl73 1652403725
AR icon icon_a /home/ise/dmd_control/APPSFPGA_MEM/ipcore_dir/ICON.vhd sub00/vhpl86 1652403707
AR ddr2_infrastructure syn /home/ise/dmd_control/APPSFPGA_MEM/ipcore_dir/mig_top/user_design/rtl/ddr2_infrastructure.vhd sub00/vhpl44 1652403688
EN ddr2_usr_rd NULL /home/ise/dmd_control/APPSFPGA_MEM/ipcore_dir/mig_top/user_design/rtl/ddr2_usr_rd.vhd sub00/vhpl08 1652403639
EN counter_4096 NULL /home/ise/dmd_control/APPSFPGA_MEM/src/rtl/counter_4096.vhd sub00/vhpl36 1652403665
AR pll_usb behavioral /home/ise/dmd_control/APPSFPGA_MEM/src/rtl/usb_dcm.vhd sub00/vhpl31 1652403660
AR ddr2_phy_top syn /home/ise/dmd_control/APPSFPGA_MEM/ipcore_dir/mig_top/user_design/rtl/ddr2_phy_top.vhd sub00/vhpl23 1652403654
EN icon NULL /home/ise/dmd_control/APPSFPGA_MEM/ipcore_dir/ICON.vhd sub00/vhpl85 1652403706
AR ddr2_phy_dm_iob syn /home/ise/dmd_control/APPSFPGA_MEM/ipcore_dir/mig_top/user_design/rtl/ddr2_phy_dm_iob.vhd sub00/vhpl05 1652403636
AR ddr_lvds_io behavioral /home/ise/dmd_control/APPSFPGA_MEM/src/rtl/ddr_lvds_io_ea.vhd sub00/vhpl81 1652403702
EN ddr2_mem_if_top NULL /home/ise/dmd_control/APPSFPGA_MEM/ipcore_dir/mig_top/user_design/rtl/ddr2_mem_if_top.vhd sub00/vhpl28 1652403671
EN ddr2_phy_dq_iob NULL /home/ise/dmd_control/APPSFPGA_MEM/ipcore_dir/mig_top/user_design/rtl/ddr2_phy_dq_iob.vhd sub00/vhpl06 1652403637
EN pgen_pgd NULL /home/ise/dmd_control/APPSFPGA_MEM/src/rtl/pgen_pgd_e.vhd sub00/vhpl50 1652403694
AR ddr2_usr_addr_fifo syn /home/ise/dmd_control/APPSFPGA_MEM/ipcore_dir/mig_top/user_design/rtl/ddr2_usr_addr_fifo.vhd sub00/vhpl11 1652403642
EN pgen_pgg NULL /home/ise/dmd_control/APPSFPGA_MEM/src/rtl/pgen_pgg_e.vhd sub00/vhpl49 1652403693
AR ddr2_phy_calib syn /home/ise/dmd_control/APPSFPGA_MEM/ipcore_dir/mig_top/user_design/rtl/ddr2_phy_calib.vhd sub00/vhpl01 1652403632
EN ddr2_phy_dm_iob NULL /home/ise/dmd_control/APPSFPGA_MEM/ipcore_dir/mig_top/user_design/rtl/ddr2_phy_dm_iob.vhd sub00/vhpl04 1652403635
AR appscore behavioral /home/ise/dmd_control/APPSFPGA_MEM/src/rtl/appscore.vhd sub00/vhpl63 1652403713
AR appsfpga behavioral /home/ise/dmd_control/APPSFPGA_MEM/src/rtl/appsfpga_load4_a.vhd sub00/vhpl91 1652403714
EN pgen_pgq NULL /home/ise/dmd_control/APPSFPGA_MEM/src/rtl/pgen_pgq_e.vhd sub00/vhpl48 1652403692
EN fifo_register NULL /home/ise/dmd_control/APPSFPGA_MEM/src/rtl/fifo_register.vhd sub00/vhpl34 1652403663
EN pgen_pgs NULL /home/ise/dmd_control/APPSFPGA_MEM/src/rtl/pgen_pgs_e.vhd sub00/vhpl47 1652403691
AR write_counter behavioral /home/ise/dmd_control/APPSFPGA_MEM/src/rtl/write_counter.vhd sub00/vhpl39 1652403670
EN pgen_clear NULL /home/ise/dmd_control/APPSFPGA_MEM/src/rtl/pgen_clear_e.vhd sub00/vhpl51 1652403695
EN ddr2_usr_wr NULL /home/ise/dmd_control/APPSFPGA_MEM/ipcore_dir/mig_top/user_design/rtl/ddr2_usr_wr.vhd sub00/vhpl12 1652403643
AR dmd_trigger_control behavioral /home/ise/dmd_control/APPSFPGA_MEM/src/rtl/DMD_trigger_control.vhdl sub00/vhpl55 1652403675
AR ddr2_usr_wr syn /home/ise/dmd_control/APPSFPGA_MEM/ipcore_dir/mig_top/user_design/rtl/ddr2_usr_wr.vhd sub00/vhpl13 1652403644
EN ddr_lvds_io NULL /home/ise/dmd_control/APPSFPGA_MEM/src/rtl/ddr_lvds_io_ea.vhd sub00/vhpl80 1652403701
EN ddr2_phy_write NULL /home/ise/dmd_control/APPSFPGA_MEM/ipcore_dir/mig_top/user_design/rtl/ddr2_phy_write.vhd sub00/vhpl14 1652403645
AR pll_mem behavioral /home/ise/dmd_control/APPSFPGA_MEM/src/rtl/PLL_mem_150.vhd sub00/vhpl79 1652403700
AR pgen_pgs behavioral /home/ise/dmd_control/APPSFPGA_MEM/src/rtl/pgen_pgs_a.vhd sub00/vhpl70 1652403722
AR pgen_pgd behavioral /home/ise/dmd_control/APPSFPGA_MEM/src/rtl/pgen_pgd_a.vhd sub00/vhpl67 1652403719
AR vio_mem vio_mem_a /home/ise/dmd_control/APPSFPGA_MEM/ipcore_dir/vio_mem.vhd sub00/vhpl90 1652403711
EN vio_mem NULL /home/ise/dmd_control/APPSFPGA_MEM/ipcore_dir/vio_mem.vhd sub00/vhpl89 1652403710
AR ddr2_phy_init syn /home/ise/dmd_control/APPSFPGA_MEM/ipcore_dir/mig_top/user_design/rtl/ddr2_phy_init.vhd sub00/vhpl21 1652403652
AR ddr2_top syn /home/ise/dmd_control/APPSFPGA_MEM/ipcore_dir/mig_top/user_design/rtl/ddr2_top.vhd sub00/vhpl46 1652403690
AR vio_sys vio_sys_a /home/ise/dmd_control/APPSFPGA_MEM/ipcore_dir/vio_sys.vhd sub00/vhpl88 1652403709
AR pgen_pgq behavioral /home/ise/dmd_control/APPSFPGA_MEM/src/rtl/pgen_pgq_a.vhd sub00/vhpl69 1652403721
EN ddr2_usr_addr_fifo NULL /home/ise/dmd_control/APPSFPGA_MEM/ipcore_dir/mig_top/user_design/rtl/ddr2_usr_addr_fifo.vhd sub00/vhpl10 1652403641
EN ddr_se_io NULL /home/ise/dmd_control/APPSFPGA_MEM/src/rtl/ddr_se_io_ea.vhd sub00/vhpl82 1652403703
EN pll_400 NULL /home/ise/dmd_control/APPSFPGA_MEM/src/rtl/PLL_400.vhd sub00/vhpl76 1652403697
AR counter_4096 behavioral /home/ise/dmd_control/APPSFPGA_MEM/src/rtl/counter_4096.vhd sub00/vhpl37 1652403666
EN write_counter NULL /home/ise/dmd_control/APPSFPGA_MEM/src/rtl/write_counter.vhd sub00/vhpl38 1652403669
EN read_fifo NULL /home/ise/dmd_control/APPSFPGA_MEM/ipcore_dir/read_fifo.vhd sub00/vhpl71 1652403723
EN pll_mem NULL /home/ise/dmd_control/APPSFPGA_MEM/src/rtl/PLL_mem_150.vhd sub00/vhpl78 1652403699
AR pgen behavioral /home/ise/dmd_control/APPSFPGA_MEM/src/rtl/pgen_a.vhd sub00/vhpl65 1652403717
AR usb_io behavioral /home/ise/dmd_control/APPSFPGA_MEM/src/rtl/USB_IO.vhd sub00/vhpl59 1652403679
AR mig_top arc_mem_interface_top /home/ise/dmd_control/APPSFPGA_MEM/ipcore_dir/mig_top/user_design/rtl/mig_top.vhd sub00/vhpl74 1652403726
AR appsfpga_io behavioral /home/ise/dmd_control/APPSFPGA_MEM/src/rtl/appsfpga_io_400_a.vhd sub00/vhpl92 1652403715
EN ddr2_infrastructure NULL /home/ise/dmd_control/APPSFPGA_MEM/ipcore_dir/mig_top/user_design/rtl/ddr2_infrastructure.vhd sub00/vhpl43 1652403687
AR ddr2_phy_dqs_iob syn /home/ise/dmd_control/APPSFPGA_MEM/ipcore_dir/mig_top/user_design/rtl/ddr2_phy_dqs_iob.vhd sub00/vhpl03 1652403634
EN ddr2_phy_calib NULL /home/ise/dmd_control/APPSFPGA_MEM/ipcore_dir/mig_top/user_design/rtl/ddr2_phy_calib.vhd sub00/vhpl00 1652403631
AR ddr2_ctrl syn /home/ise/dmd_control/APPSFPGA_MEM/ipcore_dir/mig_top/user_design/rtl/ddr2_ctrl.vhd sub00/vhpl27 1652403658
AR dmd_control behavioral /home/ise/dmd_control/APPSFPGA_MEM/src/rtl/DMD_control.vhd sub00/vhpl57 1652403677
AR cnts behavioral /home/ise/dmd_control/APPSFPGA_MEM/src/rtl/cnts_a_1and0clks.vhd sub00/vhpl64 1652403716
EN ddr2_phy_init NULL /home/ise/dmd_control/APPSFPGA_MEM/ipcore_dir/mig_top/user_design/rtl/ddr2_phy_init.vhd sub00/vhpl20 1652403651
EN ddr2_ctrl NULL /home/ise/dmd_control/APPSFPGA_MEM/ipcore_dir/mig_top/user_design/rtl/ddr2_ctrl.vhd sub00/vhpl26 1652403657
EN vio_sys NULL /home/ise/dmd_control/APPSFPGA_MEM/ipcore_dir/vio_sys.vhd sub00/vhpl87 1652403708
AR fifo_register fifo_register_a /home/ise/dmd_control/APPSFPGA_MEM/src/rtl/fifo_register.vhd sub00/vhpl35 1652403664
PH ddr2_chipscope NULL /home/ise/dmd_control/APPSFPGA_MEM/ipcore_dir/mig_top/user_design/rtl/ddr2_chipscope.vhd sub00/vhpl40 1652403684
EN ddr2_phy_ctl_io NULL /home/ise/dmd_control/APPSFPGA_MEM/ipcore_dir/mig_top/user_design/rtl/ddr2_phy_ctl_io.vhd sub00/vhpl18 1652403649
EN appsfpga NULL /home/ise/dmd_control/APPSFPGA_MEM/src/rtl/appsfpga_e.vhd sub00/vhpl84 1652403705
AR ddr2_phy_ctl_io syn /home/ise/dmd_control/APPSFPGA_MEM/ipcore_dir/mig_top/user_design/rtl/ddr2_phy_ctl_io.vhd sub00/vhpl19 1652403650
AR ddr2_phy_io syn /home/ise/dmd_control/APPSFPGA_MEM/ipcore_dir/mig_top/user_design/rtl/ddr2_phy_io.vhd sub00/vhpl17 1652403648
EN fifo NULL /home/ise/dmd_control/APPSFPGA_MEM/ipcore_dir/fifo.vhd sub00/vhpl32 1652403661
AR pgen_pgg behavioral /home/ise/dmd_control/APPSFPGA_MEM/src/rtl/pgen_pgg_a.vhd sub00/vhpl68 1652403720
MO MEM_IO_Verilog NULL src/rtl/MEM_IO_Verilog.v vlg19/_m_e_m___i_o___verilog.bin 1652403633
EN ddr2_top NULL /home/ise/dmd_control/APPSFPGA_MEM/ipcore_dir/mig_top/user_design/rtl/ddr2_top.vhd sub00/vhpl45 1652403689
EN usb_io NULL /home/ise/dmd_control/APPSFPGA_MEM/src/rtl/USB_IO.vhd sub00/vhpl58 1652403678
EN ddr2_phy_top NULL /home/ise/dmd_control/APPSFPGA_MEM/ipcore_dir/mig_top/user_design/rtl/ddr2_phy_top.vhd sub00/vhpl22 1652403653
EN ddr2_phy_dqs_iob NULL /home/ise/dmd_control/APPSFPGA_MEM/ipcore_dir/mig_top/user_design/rtl/ddr2_phy_dqs_iob.vhd sub00/vhpl02 1652403633
AR ddr_se_io behavioral /home/ise/dmd_control/APPSFPGA_MEM/src/rtl/ddr_se_io_ea.vhd sub00/vhpl83 1652403704
AR pll_400 behavioral /home/ise/dmd_control/APPSFPGA_MEM/src/rtl/PLL_400.vhd sub00/vhpl77 1652403698
AR ddr2_mem_if_top syn /home/ise/dmd_control/APPSFPGA_MEM/ipcore_dir/mig_top/user_design/rtl/ddr2_mem_if_top.vhd sub00/vhpl29 1652403672
AR pgen_clear behavioral /home/ise/dmd_control/APPSFPGA_MEM/src/rtl/pgen_clear_a.vhd sub00/vhpl66 1652403718
AR read_fifo read_fifo_a /home/ise/dmd_control/APPSFPGA_MEM/ipcore_dir/read_fifo.vhd sub00/vhpl72 1652403724
EN cnts NULL /home/ise/dmd_control/APPSFPGA_MEM/src/rtl/cnts_e.vhd sub00/vhpl53 1652403683
EN dmd_control NULL /home/ise/dmd_control/APPSFPGA_MEM/src/rtl/DMD_control.vhd sub00/vhpl56 1652403676
EN pll_usb NULL /home/ise/dmd_control/APPSFPGA_MEM/src/rtl/usb_dcm.vhd sub00/vhpl30 1652403659
EN ddr2_phy_io NULL /home/ise/dmd_control/APPSFPGA_MEM/ipcore_dir/mig_top/user_design/rtl/ddr2_phy_io.vhd sub00/vhpl16 1652403647
AR ddr2_usr_top syn /home/ise/dmd_control/APPSFPGA_MEM/ipcore_dir/mig_top/user_design/rtl/ddr2_usr_top.vhd sub00/vhpl25 1652403656
