EN dmd_trigger_control NULL /home/ise/ise_proj/dmd-project/APPSFPGA_MEM/src/rtl/DMD_trigger_control.vhdl sub00/vhpl54 1650200164
AR ddr2_phy_write syn /home/ise/ise_proj/dmd-project/APPSFPGA_MEM/ipcore_dir/mig_top/user_design/rtl/ddr2_phy_write.vhd sub00/vhpl15 1650200136
EN appsfpga_io NULL /home/ise/ise_proj/dmd-project/APPSFPGA_MEM/src/rtl/appsfpga_io_e.vhd sub00/vhpl75 1650200186
EN pgen NULL /home/ise/ise_proj/dmd-project/APPSFPGA_MEM/src/rtl/pgen_e.vhd sub00/vhpl52 1650200172
EN ddr2_idelay_ctrl NULL /home/ise/ise_proj/dmd-project/APPSFPGA_MEM/ipcore_dir/mig_top/user_design/rtl/ddr2_idelay_ctrl.vhd sub00/vhpl41 1650200175
EN d4100_registers NULL /home/ise/ise_proj/dmd-project/APPSFPGA_MEM/src/rtl/D4100_registers.vhd sub00/vhpl60 1650200170
AR fifo fifo_a /home/ise/ise_proj/dmd-project/APPSFPGA_MEM/ipcore_dir/fifo.vhd sub00/vhpl33 1650200152
EN appscore NULL /home/ise/ise_proj/dmd-project/APPSFPGA_MEM/src/rtl/appscore.vhd sub00/vhpl62 1650200202
AR ddr2_usr_rd syn /home/ise/ise_proj/dmd-project/APPSFPGA_MEM/ipcore_dir/mig_top/user_design/rtl/ddr2_usr_rd.vhd sub00/vhpl09 1650200130
AR ddr2_phy_dq_iob syn /home/ise/ise_proj/dmd-project/APPSFPGA_MEM/ipcore_dir/mig_top/user_design/rtl/ddr2_phy_dq_iob.vhd sub00/vhpl07 1650200128
AR d4100_registers behavioral /home/ise/ise_proj/dmd-project/APPSFPGA_MEM/src/rtl/D4100_registers.vhd sub00/vhpl61 1650200171
EN ddr2_usr_top NULL /home/ise/ise_proj/dmd-project/APPSFPGA_MEM/ipcore_dir/mig_top/user_design/rtl/ddr2_usr_top.vhd sub00/vhpl24 1650200145
AR ddr2_idelay_ctrl syn /home/ise/ise_proj/dmd-project/APPSFPGA_MEM/ipcore_dir/mig_top/user_design/rtl/ddr2_idelay_ctrl.vhd sub00/vhpl42 1650200176
EN mig_top NULL /home/ise/ise_proj/dmd-project/APPSFPGA_MEM/ipcore_dir/mig_top/user_design/rtl/mig_top.vhd sub00/vhpl73 1650200215
AR icon icon_a /home/ise/ise_proj/dmd-project/APPSFPGA_MEM/ipcore_dir/ICON.vhd sub00/vhpl86 1650200197
AR ddr2_infrastructure syn /home/ise/ise_proj/dmd-project/APPSFPGA_MEM/ipcore_dir/mig_top/user_design/rtl/ddr2_infrastructure.vhd sub00/vhpl44 1650200178
EN ddr2_usr_rd NULL /home/ise/ise_proj/dmd-project/APPSFPGA_MEM/ipcore_dir/mig_top/user_design/rtl/ddr2_usr_rd.vhd sub00/vhpl08 1650200129
EN counter_4096 NULL /home/ise/ise_proj/dmd-project/APPSFPGA_MEM/src/rtl/counter_4096.vhd sub00/vhpl36 1650200155
AR pll_usb behavioral /home/ise/ise_proj/dmd-project/APPSFPGA_MEM/src/rtl/usb_dcm.vhd sub00/vhpl31 1650200150
AR ddr2_phy_top syn /home/ise/ise_proj/dmd-project/APPSFPGA_MEM/ipcore_dir/mig_top/user_design/rtl/ddr2_phy_top.vhd sub00/vhpl23 1650200144
EN icon NULL /home/ise/ise_proj/dmd-project/APPSFPGA_MEM/ipcore_dir/ICON.vhd sub00/vhpl85 1650200196
AR ddr2_phy_dm_iob syn /home/ise/ise_proj/dmd-project/APPSFPGA_MEM/ipcore_dir/mig_top/user_design/rtl/ddr2_phy_dm_iob.vhd sub00/vhpl05 1650200126
AR ddr_lvds_io behavioral /home/ise/ise_proj/dmd-project/APPSFPGA_MEM/src/rtl/ddr_lvds_io_ea.vhd sub00/vhpl81 1650200192
EN ddr2_mem_if_top NULL /home/ise/ise_proj/dmd-project/APPSFPGA_MEM/ipcore_dir/mig_top/user_design/rtl/ddr2_mem_if_top.vhd sub00/vhpl28 1650200161
EN ddr2_phy_dq_iob NULL /home/ise/ise_proj/dmd-project/APPSFPGA_MEM/ipcore_dir/mig_top/user_design/rtl/ddr2_phy_dq_iob.vhd sub00/vhpl06 1650200127
EN pgen_pgd NULL /home/ise/ise_proj/dmd-project/APPSFPGA_MEM/src/rtl/pgen_pgd_e.vhd sub00/vhpl50 1650200184
AR ddr2_usr_addr_fifo syn /home/ise/ise_proj/dmd-project/APPSFPGA_MEM/ipcore_dir/mig_top/user_design/rtl/ddr2_usr_addr_fifo.vhd sub00/vhpl11 1650200132
EN pgen_pgg NULL /home/ise/ise_proj/dmd-project/APPSFPGA_MEM/src/rtl/pgen_pgg_e.vhd sub00/vhpl49 1650200183
AR ddr2_phy_calib syn /home/ise/ise_proj/dmd-project/APPSFPGA_MEM/ipcore_dir/mig_top/user_design/rtl/ddr2_phy_calib.vhd sub00/vhpl01 1650200122
EN ddr2_phy_dm_iob NULL /home/ise/ise_proj/dmd-project/APPSFPGA_MEM/ipcore_dir/mig_top/user_design/rtl/ddr2_phy_dm_iob.vhd sub00/vhpl04 1650200125
AR appscore behavioral /home/ise/ise_proj/dmd-project/APPSFPGA_MEM/src/rtl/appscore.vhd sub00/vhpl63 1650200203
AR appsfpga behavioral /home/ise/ise_proj/dmd-project/APPSFPGA_MEM/src/rtl/appsfpga_load4_a.vhd sub00/vhpl91 1650200204
EN pgen_pgq NULL /home/ise/ise_proj/dmd-project/APPSFPGA_MEM/src/rtl/pgen_pgq_e.vhd sub00/vhpl48 1650200182
EN fifo_register NULL /home/ise/ise_proj/dmd-project/APPSFPGA_MEM/src/rtl/fifo_register.vhd sub00/vhpl34 1650200153
EN pgen_pgs NULL /home/ise/ise_proj/dmd-project/APPSFPGA_MEM/src/rtl/pgen_pgs_e.vhd sub00/vhpl47 1650200181
AR write_counter behavioral /home/ise/ise_proj/dmd-project/APPSFPGA_MEM/src/rtl/write_counter.vhd sub00/vhpl39 1650200160
EN pgen_clear NULL /home/ise/ise_proj/dmd-project/APPSFPGA_MEM/src/rtl/pgen_clear_e.vhd sub00/vhpl51 1650200185
EN ddr2_usr_wr NULL /home/ise/ise_proj/dmd-project/APPSFPGA_MEM/ipcore_dir/mig_top/user_design/rtl/ddr2_usr_wr.vhd sub00/vhpl12 1650200133
AR dmd_trigger_control behavioral /home/ise/ise_proj/dmd-project/APPSFPGA_MEM/src/rtl/DMD_trigger_control.vhdl sub00/vhpl55 1650200165
AR ddr2_usr_wr syn /home/ise/ise_proj/dmd-project/APPSFPGA_MEM/ipcore_dir/mig_top/user_design/rtl/ddr2_usr_wr.vhd sub00/vhpl13 1650200134
EN ddr_lvds_io NULL /home/ise/ise_proj/dmd-project/APPSFPGA_MEM/src/rtl/ddr_lvds_io_ea.vhd sub00/vhpl80 1650200191
EN ddr2_phy_write NULL /home/ise/ise_proj/dmd-project/APPSFPGA_MEM/ipcore_dir/mig_top/user_design/rtl/ddr2_phy_write.vhd sub00/vhpl14 1650200135
AR pll_mem behavioral /home/ise/ise_proj/dmd-project/APPSFPGA_MEM/src/rtl/PLL_mem_150.vhd sub00/vhpl79 1650200190
AR pgen_pgs behavioral /home/ise/ise_proj/dmd-project/APPSFPGA_MEM/src/rtl/pgen_pgs_a.vhd sub00/vhpl70 1650200212
AR pgen_pgd behavioral /home/ise/ise_proj/dmd-project/APPSFPGA_MEM/src/rtl/pgen_pgd_a.vhd sub00/vhpl67 1650200209
AR vio_mem vio_mem_a /home/ise/ise_proj/dmd-project/APPSFPGA_MEM/ipcore_dir/vio_mem.vhd sub00/vhpl90 1650200201
EN vio_mem NULL /home/ise/ise_proj/dmd-project/APPSFPGA_MEM/ipcore_dir/vio_mem.vhd sub00/vhpl89 1650200200
AR ddr2_phy_init syn /home/ise/ise_proj/dmd-project/APPSFPGA_MEM/ipcore_dir/mig_top/user_design/rtl/ddr2_phy_init.vhd sub00/vhpl21 1650200142
AR ddr2_top syn /home/ise/ise_proj/dmd-project/APPSFPGA_MEM/ipcore_dir/mig_top/user_design/rtl/ddr2_top.vhd sub00/vhpl46 1650200180
AR vio_sys vio_sys_a /home/ise/ise_proj/dmd-project/APPSFPGA_MEM/ipcore_dir/vio_sys.vhd sub00/vhpl88 1650200199
AR pgen_pgq behavioral /home/ise/ise_proj/dmd-project/APPSFPGA_MEM/src/rtl/pgen_pgq_a.vhd sub00/vhpl69 1650200211
EN ddr2_usr_addr_fifo NULL /home/ise/ise_proj/dmd-project/APPSFPGA_MEM/ipcore_dir/mig_top/user_design/rtl/ddr2_usr_addr_fifo.vhd sub00/vhpl10 1650200131
AR counter_4096 behavioral /home/ise/ise_proj/dmd-project/APPSFPGA_MEM/src/rtl/counter_4096.vhd sub00/vhpl37 1650200156
EN pll_400 NULL /home/ise/ise_proj/dmd-project/APPSFPGA_MEM/src/rtl/PLL_400.vhd sub00/vhpl76 1650200187
EN ddr_se_io NULL /home/ise/ise_proj/dmd-project/APPSFPGA_MEM/src/rtl/ddr_se_io_ea.vhd sub00/vhpl82 1650200193
EN write_counter NULL /home/ise/ise_proj/dmd-project/APPSFPGA_MEM/src/rtl/write_counter.vhd sub00/vhpl38 1650200159
EN read_fifo NULL /home/ise/ise_proj/dmd-project/APPSFPGA_MEM/ipcore_dir/read_fifo.vhd sub00/vhpl71 1650200213
EN pll_mem NULL /home/ise/ise_proj/dmd-project/APPSFPGA_MEM/src/rtl/PLL_mem_150.vhd sub00/vhpl78 1650200189
AR pgen behavioral /home/ise/ise_proj/dmd-project/APPSFPGA_MEM/src/rtl/pgen_a.vhd sub00/vhpl65 1650200207
AR usb_io behavioral /home/ise/ise_proj/dmd-project/APPSFPGA_MEM/src/rtl/USB_IO.vhd sub00/vhpl59 1650200169
AR mig_top arc_mem_interface_top /home/ise/ise_proj/dmd-project/APPSFPGA_MEM/ipcore_dir/mig_top/user_design/rtl/mig_top.vhd sub00/vhpl74 1650200216
AR appsfpga_io behavioral /home/ise/ise_proj/dmd-project/APPSFPGA_MEM/src/rtl/appsfpga_io_400_a.vhd sub00/vhpl92 1650200205
EN ddr2_infrastructure NULL /home/ise/ise_proj/dmd-project/APPSFPGA_MEM/ipcore_dir/mig_top/user_design/rtl/ddr2_infrastructure.vhd sub00/vhpl43 1650200177
AR ddr2_phy_dqs_iob syn /home/ise/ise_proj/dmd-project/APPSFPGA_MEM/ipcore_dir/mig_top/user_design/rtl/ddr2_phy_dqs_iob.vhd sub00/vhpl03 1650200124
EN ddr2_phy_calib NULL /home/ise/ise_proj/dmd-project/APPSFPGA_MEM/ipcore_dir/mig_top/user_design/rtl/ddr2_phy_calib.vhd sub00/vhpl00 1650200121
AR cnts behavioral /home/ise/ise_proj/dmd-project/APPSFPGA_MEM/src/rtl/cnts_a_1and0clks.vhd sub00/vhpl64 1650200206
AR dmd_control behavioral /home/ise/ise_proj/dmd-project/APPSFPGA_MEM/src/rtl/DMD_control.vhd sub00/vhpl57 1650200167
AR ddr2_ctrl syn /home/ise/ise_proj/dmd-project/APPSFPGA_MEM/ipcore_dir/mig_top/user_design/rtl/ddr2_ctrl.vhd sub00/vhpl27 1650200148
EN ddr2_phy_init NULL /home/ise/ise_proj/dmd-project/APPSFPGA_MEM/ipcore_dir/mig_top/user_design/rtl/ddr2_phy_init.vhd sub00/vhpl20 1650200141
EN ddr2_ctrl NULL /home/ise/ise_proj/dmd-project/APPSFPGA_MEM/ipcore_dir/mig_top/user_design/rtl/ddr2_ctrl.vhd sub00/vhpl26 1650200147
EN vio_sys NULL /home/ise/ise_proj/dmd-project/APPSFPGA_MEM/ipcore_dir/vio_sys.vhd sub00/vhpl87 1650200198
AR fifo_register fifo_register_a /home/ise/ise_proj/dmd-project/APPSFPGA_MEM/src/rtl/fifo_register.vhd sub00/vhpl35 1650200154
PH ddr2_chipscope NULL /home/ise/ise_proj/dmd-project/APPSFPGA_MEM/ipcore_dir/mig_top/user_design/rtl/ddr2_chipscope.vhd sub00/vhpl40 1650200174
EN ddr2_phy_ctl_io NULL /home/ise/ise_proj/dmd-project/APPSFPGA_MEM/ipcore_dir/mig_top/user_design/rtl/ddr2_phy_ctl_io.vhd sub00/vhpl18 1650200139
AR ddr2_phy_ctl_io syn /home/ise/ise_proj/dmd-project/APPSFPGA_MEM/ipcore_dir/mig_top/user_design/rtl/ddr2_phy_ctl_io.vhd sub00/vhpl19 1650200140
EN appsfpga NULL /home/ise/ise_proj/dmd-project/APPSFPGA_MEM/src/rtl/appsfpga_e.vhd sub00/vhpl84 1650200195
AR ddr2_phy_io syn /home/ise/ise_proj/dmd-project/APPSFPGA_MEM/ipcore_dir/mig_top/user_design/rtl/ddr2_phy_io.vhd sub00/vhpl17 1650200138
EN fifo NULL /home/ise/ise_proj/dmd-project/APPSFPGA_MEM/ipcore_dir/fifo.vhd sub00/vhpl32 1650200151
AR pgen_pgg behavioral /home/ise/ise_proj/dmd-project/APPSFPGA_MEM/src/rtl/pgen_pgg_a.vhd sub00/vhpl68 1650200210
MO MEM_IO_Verilog NULL src/rtl/MEM_IO_Verilog.v vlg19/_m_e_m___i_o___verilog.bin 1650200128
EN ddr2_top NULL /home/ise/ise_proj/dmd-project/APPSFPGA_MEM/ipcore_dir/mig_top/user_design/rtl/ddr2_top.vhd sub00/vhpl45 1650200179
EN usb_io NULL /home/ise/ise_proj/dmd-project/APPSFPGA_MEM/src/rtl/USB_IO.vhd sub00/vhpl58 1650200168
EN ddr2_phy_top NULL /home/ise/ise_proj/dmd-project/APPSFPGA_MEM/ipcore_dir/mig_top/user_design/rtl/ddr2_phy_top.vhd sub00/vhpl22 1650200143
EN ddr2_phy_dqs_iob NULL /home/ise/ise_proj/dmd-project/APPSFPGA_MEM/ipcore_dir/mig_top/user_design/rtl/ddr2_phy_dqs_iob.vhd sub00/vhpl02 1650200123
AR pll_400 behavioral /home/ise/ise_proj/dmd-project/APPSFPGA_MEM/src/rtl/PLL_400.vhd sub00/vhpl77 1650200188
AR ddr_se_io behavioral /home/ise/ise_proj/dmd-project/APPSFPGA_MEM/src/rtl/ddr_se_io_ea.vhd sub00/vhpl83 1650200194
AR ddr2_mem_if_top syn /home/ise/ise_proj/dmd-project/APPSFPGA_MEM/ipcore_dir/mig_top/user_design/rtl/ddr2_mem_if_top.vhd sub00/vhpl29 1650200162
AR pgen_clear behavioral /home/ise/ise_proj/dmd-project/APPSFPGA_MEM/src/rtl/pgen_clear_a.vhd sub00/vhpl66 1650200208
AR read_fifo read_fifo_a /home/ise/ise_proj/dmd-project/APPSFPGA_MEM/ipcore_dir/read_fifo.vhd sub00/vhpl72 1650200214
EN cnts NULL /home/ise/ise_proj/dmd-project/APPSFPGA_MEM/src/rtl/cnts_e.vhd sub00/vhpl53 1650200173
EN dmd_control NULL /home/ise/ise_proj/dmd-project/APPSFPGA_MEM/src/rtl/DMD_control.vhd sub00/vhpl56 1650200166
EN pll_usb NULL /home/ise/ise_proj/dmd-project/APPSFPGA_MEM/src/rtl/usb_dcm.vhd sub00/vhpl30 1650200149
EN ddr2_phy_io NULL /home/ise/ise_proj/dmd-project/APPSFPGA_MEM/ipcore_dir/mig_top/user_design/rtl/ddr2_phy_io.vhd sub00/vhpl16 1650200137
AR ddr2_usr_top syn /home/ise/ise_proj/dmd-project/APPSFPGA_MEM/ipcore_dir/mig_top/user_design/rtl/ddr2_usr_top.vhd sub00/vhpl25 1650200146
