EN dmd_trigger_control NULL /home/ise/dmd_control/APPSFPGA_MEM/src/rtl/DMD_trigger_control.vhdl sub00/vhpl54 1652897502
AR ddr2_phy_write syn /home/ise/dmd_control/APPSFPGA_MEM/ipcore_dir/mig_top/user_design/rtl/ddr2_phy_write.vhd sub00/vhpl15 1652897474
EN appsfpga_io NULL /home/ise/dmd_control/APPSFPGA_MEM/src/rtl/appsfpga_io_e.vhd sub00/vhpl75 1652897524
EN pgen NULL /home/ise/dmd_control/APPSFPGA_MEM/src/rtl/pgen_e.vhd sub00/vhpl52 1652897510
EN ddr2_idelay_ctrl NULL /home/ise/dmd_control/APPSFPGA_MEM/ipcore_dir/mig_top/user_design/rtl/ddr2_idelay_ctrl.vhd sub00/vhpl41 1652897513
EN d4100_registers NULL /home/ise/dmd_control/APPSFPGA_MEM/src/rtl/D4100_registers.vhd sub00/vhpl60 1652897508
AR fifo fifo_a /home/ise/dmd_control/APPSFPGA_MEM/ipcore_dir/fifo.vhd sub00/vhpl33 1652897490
EN appscore NULL /home/ise/dmd_control/APPSFPGA_MEM/src/rtl/appscore.vhd sub00/vhpl62 1652897540
AR ddr2_usr_rd syn /home/ise/dmd_control/APPSFPGA_MEM/ipcore_dir/mig_top/user_design/rtl/ddr2_usr_rd.vhd sub00/vhpl09 1652897468
AR ddr2_phy_dq_iob syn /home/ise/dmd_control/APPSFPGA_MEM/ipcore_dir/mig_top/user_design/rtl/ddr2_phy_dq_iob.vhd sub00/vhpl07 1652897466
AR d4100_registers behavioral /home/ise/dmd_control/APPSFPGA_MEM/src/rtl/D4100_registers.vhd sub00/vhpl61 1652897509
EN ddr2_usr_top NULL /home/ise/dmd_control/APPSFPGA_MEM/ipcore_dir/mig_top/user_design/rtl/ddr2_usr_top.vhd sub00/vhpl24 1652897483
AR ddr2_idelay_ctrl syn /home/ise/dmd_control/APPSFPGA_MEM/ipcore_dir/mig_top/user_design/rtl/ddr2_idelay_ctrl.vhd sub00/vhpl42 1652897514
EN mig_top NULL /home/ise/dmd_control/APPSFPGA_MEM/ipcore_dir/mig_top/user_design/rtl/mig_top.vhd sub00/vhpl73 1652897553
AR icon icon_a /home/ise/dmd_control/APPSFPGA_MEM/ipcore_dir/ICON.vhd sub00/vhpl86 1652897535
AR ddr2_infrastructure syn /home/ise/dmd_control/APPSFPGA_MEM/ipcore_dir/mig_top/user_design/rtl/ddr2_infrastructure.vhd sub00/vhpl44 1652897516
EN ddr2_usr_rd NULL /home/ise/dmd_control/APPSFPGA_MEM/ipcore_dir/mig_top/user_design/rtl/ddr2_usr_rd.vhd sub00/vhpl08 1652897467
EN counter_4096 NULL /home/ise/dmd_control/APPSFPGA_MEM/src/rtl/counter_4096.vhd sub00/vhpl36 1652897493
AR pll_usb behavioral /home/ise/dmd_control/APPSFPGA_MEM/src/rtl/usb_dcm.vhd sub00/vhpl31 1652897488
AR ddr2_phy_top syn /home/ise/dmd_control/APPSFPGA_MEM/ipcore_dir/mig_top/user_design/rtl/ddr2_phy_top.vhd sub00/vhpl23 1652897482
EN icon NULL /home/ise/dmd_control/APPSFPGA_MEM/ipcore_dir/ICON.vhd sub00/vhpl85 1652897534
AR ddr2_phy_dm_iob syn /home/ise/dmd_control/APPSFPGA_MEM/ipcore_dir/mig_top/user_design/rtl/ddr2_phy_dm_iob.vhd sub00/vhpl05 1652897464
AR ddr_lvds_io behavioral /home/ise/dmd_control/APPSFPGA_MEM/src/rtl/ddr_lvds_io_ea.vhd sub00/vhpl81 1652897530
EN ddr2_mem_if_top NULL /home/ise/dmd_control/APPSFPGA_MEM/ipcore_dir/mig_top/user_design/rtl/ddr2_mem_if_top.vhd sub00/vhpl28 1652897499
EN ddr2_phy_dq_iob NULL /home/ise/dmd_control/APPSFPGA_MEM/ipcore_dir/mig_top/user_design/rtl/ddr2_phy_dq_iob.vhd sub00/vhpl06 1652897465
EN pgen_pgd NULL /home/ise/dmd_control/APPSFPGA_MEM/src/rtl/pgen_pgd_e.vhd sub00/vhpl50 1652897522
AR ddr2_usr_addr_fifo syn /home/ise/dmd_control/APPSFPGA_MEM/ipcore_dir/mig_top/user_design/rtl/ddr2_usr_addr_fifo.vhd sub00/vhpl11 1652897470
EN pgen_pgg NULL /home/ise/dmd_control/APPSFPGA_MEM/src/rtl/pgen_pgg_e.vhd sub00/vhpl49 1652897521
AR ddr2_phy_calib syn /home/ise/dmd_control/APPSFPGA_MEM/ipcore_dir/mig_top/user_design/rtl/ddr2_phy_calib.vhd sub00/vhpl01 1652897460
EN ddr2_phy_dm_iob NULL /home/ise/dmd_control/APPSFPGA_MEM/ipcore_dir/mig_top/user_design/rtl/ddr2_phy_dm_iob.vhd sub00/vhpl04 1652897463
AR appscore behavioral /home/ise/dmd_control/APPSFPGA_MEM/src/rtl/appscore.vhd sub00/vhpl63 1652897541
AR appsfpga behavioral /home/ise/dmd_control/APPSFPGA_MEM/src/rtl/appsfpga_load4_a.vhd sub00/vhpl91 1652897542
EN pgen_pgq NULL /home/ise/dmd_control/APPSFPGA_MEM/src/rtl/pgen_pgq_e.vhd sub00/vhpl48 1652897520
EN fifo_register NULL /home/ise/dmd_control/APPSFPGA_MEM/src/rtl/fifo_register.vhd sub00/vhpl34 1652897491
EN pgen_pgs NULL /home/ise/dmd_control/APPSFPGA_MEM/src/rtl/pgen_pgs_e.vhd sub00/vhpl47 1652897519
AR write_counter behavioral /home/ise/dmd_control/APPSFPGA_MEM/src/rtl/write_counter.vhd sub00/vhpl39 1652897498
EN pgen_clear NULL /home/ise/dmd_control/APPSFPGA_MEM/src/rtl/pgen_clear_e.vhd sub00/vhpl51 1652897523
EN ddr2_usr_wr NULL /home/ise/dmd_control/APPSFPGA_MEM/ipcore_dir/mig_top/user_design/rtl/ddr2_usr_wr.vhd sub00/vhpl12 1652897471
AR dmd_trigger_control behavioral /home/ise/dmd_control/APPSFPGA_MEM/src/rtl/DMD_trigger_control.vhdl sub00/vhpl55 1652897503
AR ddr2_usr_wr syn /home/ise/dmd_control/APPSFPGA_MEM/ipcore_dir/mig_top/user_design/rtl/ddr2_usr_wr.vhd sub00/vhpl13 1652897472
EN ddr_lvds_io NULL /home/ise/dmd_control/APPSFPGA_MEM/src/rtl/ddr_lvds_io_ea.vhd sub00/vhpl80 1652897529
EN ddr2_phy_write NULL /home/ise/dmd_control/APPSFPGA_MEM/ipcore_dir/mig_top/user_design/rtl/ddr2_phy_write.vhd sub00/vhpl14 1652897473
AR pll_mem behavioral /home/ise/dmd_control/APPSFPGA_MEM/src/rtl/PLL_mem_150.vhd sub00/vhpl79 1652897528
AR pgen_pgs behavioral /home/ise/dmd_control/APPSFPGA_MEM/src/rtl/pgen_pgs_a.vhd sub00/vhpl70 1652897550
AR pgen_pgd behavioral /home/ise/dmd_control/APPSFPGA_MEM/src/rtl/pgen_pgd_a.vhd sub00/vhpl67 1652897547
AR vio_mem vio_mem_a /home/ise/dmd_control/APPSFPGA_MEM/ipcore_dir/vio_mem.vhd sub00/vhpl90 1652897539
EN vio_mem NULL /home/ise/dmd_control/APPSFPGA_MEM/ipcore_dir/vio_mem.vhd sub00/vhpl89 1652897538
AR ddr2_phy_init syn /home/ise/dmd_control/APPSFPGA_MEM/ipcore_dir/mig_top/user_design/rtl/ddr2_phy_init.vhd sub00/vhpl21 1652897480
AR ddr2_top syn /home/ise/dmd_control/APPSFPGA_MEM/ipcore_dir/mig_top/user_design/rtl/ddr2_top.vhd sub00/vhpl46 1652897518
AR vio_sys vio_sys_a /home/ise/dmd_control/APPSFPGA_MEM/ipcore_dir/vio_sys.vhd sub00/vhpl88 1652897537
AR pgen_pgq behavioral /home/ise/dmd_control/APPSFPGA_MEM/src/rtl/pgen_pgq_a.vhd sub00/vhpl69 1652897549
EN ddr2_usr_addr_fifo NULL /home/ise/dmd_control/APPSFPGA_MEM/ipcore_dir/mig_top/user_design/rtl/ddr2_usr_addr_fifo.vhd sub00/vhpl10 1652897469
EN ddr_se_io NULL /home/ise/dmd_control/APPSFPGA_MEM/src/rtl/ddr_se_io_ea.vhd sub00/vhpl82 1652897531
EN pll_400 NULL /home/ise/dmd_control/APPSFPGA_MEM/src/rtl/PLL_400.vhd sub00/vhpl76 1652897525
AR counter_4096 behavioral /home/ise/dmd_control/APPSFPGA_MEM/src/rtl/counter_4096.vhd sub00/vhpl37 1652897494
EN write_counter NULL /home/ise/dmd_control/APPSFPGA_MEM/src/rtl/write_counter.vhd sub00/vhpl38 1652897497
EN read_fifo NULL /home/ise/dmd_control/APPSFPGA_MEM/ipcore_dir/read_fifo.vhd sub00/vhpl71 1652897551
EN pll_mem NULL /home/ise/dmd_control/APPSFPGA_MEM/src/rtl/PLL_mem_150.vhd sub00/vhpl78 1652897527
AR pgen behavioral /home/ise/dmd_control/APPSFPGA_MEM/src/rtl/pgen_a.vhd sub00/vhpl65 1652897545
AR usb_io behavioral /home/ise/dmd_control/APPSFPGA_MEM/src/rtl/USB_IO.vhd sub00/vhpl59 1652897507
AR mig_top arc_mem_interface_top /home/ise/dmd_control/APPSFPGA_MEM/ipcore_dir/mig_top/user_design/rtl/mig_top.vhd sub00/vhpl74 1652897554
AR appsfpga_io behavioral /home/ise/dmd_control/APPSFPGA_MEM/src/rtl/appsfpga_io_400_a.vhd sub00/vhpl92 1652897543
EN ddr2_infrastructure NULL /home/ise/dmd_control/APPSFPGA_MEM/ipcore_dir/mig_top/user_design/rtl/ddr2_infrastructure.vhd sub00/vhpl43 1652897515
AR ddr2_phy_dqs_iob syn /home/ise/dmd_control/APPSFPGA_MEM/ipcore_dir/mig_top/user_design/rtl/ddr2_phy_dqs_iob.vhd sub00/vhpl03 1652897462
EN ddr2_phy_calib NULL /home/ise/dmd_control/APPSFPGA_MEM/ipcore_dir/mig_top/user_design/rtl/ddr2_phy_calib.vhd sub00/vhpl00 1652897459
AR ddr2_ctrl syn /home/ise/dmd_control/APPSFPGA_MEM/ipcore_dir/mig_top/user_design/rtl/ddr2_ctrl.vhd sub00/vhpl27 1652897486
AR dmd_control behavioral /home/ise/dmd_control/APPSFPGA_MEM/src/rtl/DMD_control.vhd sub00/vhpl57 1652897505
AR cnts behavioral /home/ise/dmd_control/APPSFPGA_MEM/src/rtl/cnts_a_1and0clks.vhd sub00/vhpl64 1652897544
EN ddr2_phy_init NULL /home/ise/dmd_control/APPSFPGA_MEM/ipcore_dir/mig_top/user_design/rtl/ddr2_phy_init.vhd sub00/vhpl20 1652897479
EN ddr2_ctrl NULL /home/ise/dmd_control/APPSFPGA_MEM/ipcore_dir/mig_top/user_design/rtl/ddr2_ctrl.vhd sub00/vhpl26 1652897485
EN vio_sys NULL /home/ise/dmd_control/APPSFPGA_MEM/ipcore_dir/vio_sys.vhd sub00/vhpl87 1652897536
AR fifo_register fifo_register_a /home/ise/dmd_control/APPSFPGA_MEM/src/rtl/fifo_register.vhd sub00/vhpl35 1652897492
PH ddr2_chipscope NULL /home/ise/dmd_control/APPSFPGA_MEM/ipcore_dir/mig_top/user_design/rtl/ddr2_chipscope.vhd sub00/vhpl40 1652897512
EN ddr2_phy_ctl_io NULL /home/ise/dmd_control/APPSFPGA_MEM/ipcore_dir/mig_top/user_design/rtl/ddr2_phy_ctl_io.vhd sub00/vhpl18 1652897477
EN appsfpga NULL /home/ise/dmd_control/APPSFPGA_MEM/src/rtl/appsfpga_e.vhd sub00/vhpl84 1652897533
AR ddr2_phy_ctl_io syn /home/ise/dmd_control/APPSFPGA_MEM/ipcore_dir/mig_top/user_design/rtl/ddr2_phy_ctl_io.vhd sub00/vhpl19 1652897478
AR ddr2_phy_io syn /home/ise/dmd_control/APPSFPGA_MEM/ipcore_dir/mig_top/user_design/rtl/ddr2_phy_io.vhd sub00/vhpl17 1652897476
EN fifo NULL /home/ise/dmd_control/APPSFPGA_MEM/ipcore_dir/fifo.vhd sub00/vhpl32 1652897489
AR pgen_pgg behavioral /home/ise/dmd_control/APPSFPGA_MEM/src/rtl/pgen_pgg_a.vhd sub00/vhpl68 1652897548
MO MEM_IO_Verilog NULL src/rtl/MEM_IO_Verilog.v vlg19/_m_e_m___i_o___verilog.bin 1652897461
EN ddr2_top NULL /home/ise/dmd_control/APPSFPGA_MEM/ipcore_dir/mig_top/user_design/rtl/ddr2_top.vhd sub00/vhpl45 1652897517
EN usb_io NULL /home/ise/dmd_control/APPSFPGA_MEM/src/rtl/USB_IO.vhd sub00/vhpl58 1652897506
EN ddr2_phy_top NULL /home/ise/dmd_control/APPSFPGA_MEM/ipcore_dir/mig_top/user_design/rtl/ddr2_phy_top.vhd sub00/vhpl22 1652897481
EN ddr2_phy_dqs_iob NULL /home/ise/dmd_control/APPSFPGA_MEM/ipcore_dir/mig_top/user_design/rtl/ddr2_phy_dqs_iob.vhd sub00/vhpl02 1652897461
AR ddr_se_io behavioral /home/ise/dmd_control/APPSFPGA_MEM/src/rtl/ddr_se_io_ea.vhd sub00/vhpl83 1652897532
AR pll_400 behavioral /home/ise/dmd_control/APPSFPGA_MEM/src/rtl/PLL_400.vhd sub00/vhpl77 1652897526
AR ddr2_mem_if_top syn /home/ise/dmd_control/APPSFPGA_MEM/ipcore_dir/mig_top/user_design/rtl/ddr2_mem_if_top.vhd sub00/vhpl29 1652897500
AR pgen_clear behavioral /home/ise/dmd_control/APPSFPGA_MEM/src/rtl/pgen_clear_a.vhd sub00/vhpl66 1652897546
AR read_fifo read_fifo_a /home/ise/dmd_control/APPSFPGA_MEM/ipcore_dir/read_fifo.vhd sub00/vhpl72 1652897552
EN cnts NULL /home/ise/dmd_control/APPSFPGA_MEM/src/rtl/cnts_e.vhd sub00/vhpl53 1652897511
EN dmd_control NULL /home/ise/dmd_control/APPSFPGA_MEM/src/rtl/DMD_control.vhd sub00/vhpl56 1652897504
EN pll_usb NULL /home/ise/dmd_control/APPSFPGA_MEM/src/rtl/usb_dcm.vhd sub00/vhpl30 1652897487
EN ddr2_phy_io NULL /home/ise/dmd_control/APPSFPGA_MEM/ipcore_dir/mig_top/user_design/rtl/ddr2_phy_io.vhd sub00/vhpl16 1652897475
AR ddr2_usr_top syn /home/ise/dmd_control/APPSFPGA_MEM/ipcore_dir/mig_top/user_design/rtl/ddr2_usr_top.vhd sub00/vhpl25 1652897484
